2026-06-21 08:11:05.719: [INFO] OnDoneLoading sync enabled: 0
2026-06-23 06:59:19.965: [INFO] OnDoneLoading sync enabled: 0
2026-06-23 07:05:21.504: [INFO] OnDoneLoading sync enabled: 0
2026-06-23 07:05:22.786: [INFO] OnDoneLoading sync enabled: 0
2026-06-23 07:05:28.341: [INFO] OnDoneLoading sync enabled: 0
2026-06-23 07:06:12.926: [INFO] OnDoneLoading sync enabled: 0
2026-06-23 09:05:31.507: [INFO] OnDoneLoading sync enabled: 0
2026-06-23 13:22:25.630: [INFO] OnDoneLoading sync enabled: 0
2026-06-23 13:22:30.670: [INFO] OnDoneLoading sync enabled: 0
2026-06-23 13:22:35.830: [INFO] OnDoneLoading sync enabled: 0
2026-06-23 13:22:47.284: [INFO] OnDoneLoading sync enabled: 0
2026-06-23 13:22:51.846: [INFO] OnDoneLoading sync enabled: 0
2026-06-23 13:22:52.515: [INFO] OnDoneLoading sync enabled: 0
2026-06-23 13:26:19.354: [INFO] OnDoneLoading sync enabled: 0
2026-06-23 13:26:21.544: [INFO] OnDoneLoading sync enabled: 0
2026-06-23 13:26:41.142: [INFO] OnDoneLoading sync enabled: 0
2026-06-23 13:26:48.594: [INFO] OnDoneLoading sync enabled: 0
2026-06-23 13:27:15.202: [INFO] OnDoneLoading sync enabled: 0
2026-06-23 13:27:16.445: [INFO] OnDoneLoading sync enabled: 0
2026-06-24 06:06:27.519: [INFO] OnDoneLoading sync enabled: 0
2026-06-24 06:07:35.666: [INFO] OnDoneLoading sync enabled: 0
2026-06-24 06:07:49.195: [INFO] OnDoneLoading sync enabled: 0
2026-06-24 06:22:06.769: [INFO] OnDoneLoading sync enabled: 0
2026-06-24 06:22:58.665: [INFO] OnDoneLoading sync enabled: 0
2026-06-24 09:41:23.725: [INFO] OnDoneLoading sync enabled: 0
2026-06-25 06:09:34.578: [INFO] OnDoneLoading sync enabled: 0
2026-06-25 06:09:37.875: [INFO] OnDoneLoading sync enabled: 0
2026-06-25 06:16:16.253: [INFO] OnDoneLoading sync enabled: 0
2026-06-25 06:16:30.195: [INFO] OnDoneLoading sync enabled: 0
2026-06-25 06:18:22.947: [INFO] OnDoneLoading sync enabled: 0
2026-06-25 07:57:05.488: [INFO] OnDoneLoading sync enabled: 0
2026-06-25 08:02:15.595: [INFO] OnDoneLoading sync enabled: 0
2026-06-25 09:54:53.648: [INFO] OnDoneLoading sync enabled: 0
2026-06-25 09:55:48.279: [INFO] OnDoneLoading sync enabled: 0
2026-06-25 09:56:28.792: [INFO] OnDoneLoading sync enabled: 0
2026-06-25 09:58:06.354: [INFO] OnDoneLoading sync enabled: 0
2026-06-25 10:42:39.821: [INFO] OnDoneLoading sync enabled: 0
2026-06-25 10:42:41.775: [INFO] OnDoneLoading sync enabled: 0
2026-06-25 10:47:34.263: [INFO] OnDoneLoading sync enabled: 0
2026-06-25 11:02:16.529: [INFO] OnDoneLoading sync enabled: 0
2026-06-25 11:02:36.517: [INFO] OnDoneLoading sync enabled: 0
2026-06-25 11:03:15.467: [INFO] OnDoneLoading sync enabled: 0
2026-06-25 11:03:55.742: [INFO] OnDoneLoading sync enabled: 0
2026-06-25 13:06:28.181: [INFO] OnDoneLoading sync enabled: 0
2026-06-25 13:11:12.342: [INFO] OnDoneLoading sync enabled: 0
2026-06-25 13:13:54.025: [INFO] OnDoneLoading sync enabled: 0
2026-06-25 13:40:36.649: [INFO] OnDoneLoading sync enabled: 0
2026-06-25 13:56:24.574: [INFO] OnDoneLoading sync enabled: 0
2026-06-25 14:15:21.370: [INFO] OnDoneLoading sync enabled: 0
2026-06-25 14:30:03.907: [INFO] OnDoneLoading sync enabled: 0
2026-06-25 14:31:03.184: [INFO] OnDoneLoading sync enabled: 0
2026-06-25 14:31:44.298: [INFO] OnDoneLoading sync enabled: 0
2026-06-25 14:32:30.178: [INFO] OnDoneLoading sync enabled: 0
2026-06-25 14:35:13.338: [INFO] OnDoneLoading sync enabled: 0
2026-06-25 14:39:09.646: [INFO] OnDoneLoading sync enabled: 0
2026-06-25 14:39:43.924: [INFO] OnDoneLoading sync enabled: 0
2026-06-25 14:40:44.800: [INFO] OnDoneLoading sync enabled: 0
2026-06-25 14:58:17.342: [INFO] OnDoneLoading sync enabled: 0
2026-06-25 17:14:18.272: [INFO] OnDoneLoading sync enabled: 0
2026-06-25 17:15:46.918: [INFO] OnDoneLoading sync enabled: 0
2026-06-25 17:17:10.302: [INFO] OnDoneLoading sync enabled: 0
2026-06-25 17:17:10.992: [INFO] OnDoneLoading sync enabled: 0
2026-06-25 17:36:06.878: [INFO] OnDoneLoading sync enabled: 0
2026-06-25 17:36:07.994: [INFO] OnDoneLoading sync enabled: 0
2026-06-25 18:05:08.382: [INFO] OnDoneLoading sync enabled: 0
2026-06-25 18:25:33.964: [INFO] OnDoneLoading sync enabled: 0
2026-06-25 18:26:04.673: [INFO] OnDoneLoading sync enabled: 0
2026-06-25 18:29:04.515: [INFO] OnDoneLoading sync enabled: 0
2026-06-25 18:29:36.894: [INFO] OnDoneLoading sync enabled: 0
2026-06-25 18:30:12.907: [INFO] OnDoneLoading sync enabled: 0
2026-06-25 18:38:50.657: [INFO] OnDoneLoading sync enabled: 0
2026-06-26 04:22:14.539: [INFO] OnDoneLoading sync enabled: 0
2026-06-26 04:42:43.666: [INFO] OnDoneLoading sync enabled: 0
2026-06-26 04:45:30.430: [INFO] OnDoneLoading sync enabled: 0
2026-06-26 05:36:15.893: [INFO] OnDoneLoading sync enabled: 0
2026-06-26 06:17:17.288: [INFO] OnDoneLoading sync enabled: 0
2026-06-26 06:30:31.442: [INFO] OnDoneLoading sync enabled: 0
2026-06-26 06:47:06.463: [INFO] OnDoneLoading sync enabled: 0
2026-06-26 08:35:21.859: [INFO] OnDoneLoading sync enabled: 0
2026-06-26 08:40:19.985: [INFO] OnDoneLoading sync enabled: 0
2026-06-26 08:42:54.610: [INFO] OnDoneLoading sync enabled: 0
2026-06-26 08:43:25.316: [INFO] OnDoneLoading sync enabled: 0
2026-06-26 08:57:55.485: [INFO] OnDoneLoading sync enabled: 0
2026-06-26 10:46:14.461: [INFO] OnDoneLoading sync enabled: 0
2026-06-26 10:47:29.131: [INFO] OnDoneLoading sync enabled: 0
2026-06-26 14:28:01.576: [INFO] OnDoneLoading sync enabled: 0
2026-06-26 14:32:58.373: [INFO] OnDoneLoading sync enabled: 0
2026-06-26 14:45:29.768: [INFO] OnDoneLoading sync enabled: 0
2026-06-26 16:43:11.864: [INFO] OnDoneLoading sync enabled: 0
2026-06-26 16:43:29.116: [INFO] OnDoneLoading sync enabled: 0
2026-06-26 16:46:06.826: [INFO] OnDoneLoading sync enabled: 0
2026-06-26 16:46:23.419: [INFO] OnDoneLoading sync enabled: 0
2026-06-26 16:58:37.704: [INFO] OnDoneLoading sync enabled: 0
2026-06-26 16:58:42.975: [INFO] OnDoneLoading sync enabled: 0
2026-06-26 17:00:27.009: [INFO] OnDoneLoading sync enabled: 0
2026-06-26 17:00:40.245: [INFO] OnDoneLoading sync enabled: 0
2026-06-26 17:04:33.119: [INFO] OnDoneLoading sync enabled: 0
2026-06-26 17:04:46.684: [INFO] OnDoneLoading sync enabled: 0
2026-06-27 06:43:19.765: [INFO] OnDoneLoading sync enabled: 0
2026-06-27 06:55:09.403: [INFO] OnDoneLoading sync enabled: 0
2026-06-27 07:21:45.133: [INFO] OnDoneLoading sync enabled: 0
2026-06-27 07:22:02.849: [INFO] OnDoneLoading sync enabled: 0
2026-06-27 10:12:15.948: [INFO] OnDoneLoading sync enabled: 0
2026-06-27 10:13:31.815: [INFO] OnDoneLoading sync enabled: 0
2026-06-28 06:15:29.946: [INFO] OnDoneLoading sync enabled: 0
2026-06-28 06:15:38.857: [INFO] OnDoneLoading sync enabled: 0
2026-06-28 06:17:06.958: [INFO] OnDoneLoading sync enabled: 0
2026-06-28 06:26:41.646: [INFO] OnDoneLoading sync enabled: 0
2026-06-28 06:38:20.314: [INFO] OnDoneLoading sync enabled: 0
2026-06-28 07:41:58.653: [INFO] OnDoneLoading sync enabled: 0
2026-06-28 08:45:39.130: [INFO] OnDoneLoading sync enabled: 0
2026-06-28 10:42:05.261: [INFO] OnDoneLoading sync enabled: 0
2026-06-28 10:42:27.760: [INFO] OnDoneLoading sync enabled: 0
2026-06-28 10:42:28.415: [INFO] OnDoneLoading sync enabled: 0
2026-06-28 10:42:32.972: [INFO] OnDoneLoading sync enabled: 0
2026-06-28 10:43:00.456: [INFO] OnDoneLoading sync enabled: 0
2026-06-28 10:43:08.820: [INFO] OnDoneLoading sync enabled: 0
2026-06-28 10:43:18.604: [INFO] OnDoneLoading sync enabled: 0
2026-06-28 10:43:21.185: [INFO] OnDoneLoading sync enabled: 0
2026-06-28 10:43:43.387: [INFO] OnDoneLoading sync enabled: 0
2026-06-28 10:44:10.828: [INFO] OnDoneLoading sync enabled: 0
2026-06-28 10:51:26.499: [INFO] OnDoneLoading sync enabled: 0
2026-06-28 10:51:42.996: [INFO] OnDoneLoading sync enabled: 0
2026-06-28 10:56:30.925: [INFO] OnDoneLoading sync enabled: 0
2026-06-28 11:01:24.009: [INFO] OnDoneLoading sync enabled: 0
2026-06-28 12:36:34.499: [INFO] OnDoneLoading sync enabled: 0
2026-06-28 15:35:29.707: [INFO] OnDoneLoading sync enabled: 0
2026-06-28 15:36:56.380: [INFO] OnDoneLoading sync enabled: 0
2026-06-28 15:37:07.317: [INFO] OnDoneLoading sync enabled: 0
2026-06-28 15:37:10.495: [INFO] OnDoneLoading sync enabled: 0
2026-06-28 15:37:11.167: [INFO] OnDoneLoading sync enabled: 0
2026-06-28 15:38:25.809: [INFO] OnDoneLoading sync enabled: 0
2026-06-28 15:38:38.107: [INFO] OnDoneLoading sync enabled: 0
2026-06-28 15:38:51.472: [INFO] OnDoneLoading sync enabled: 0
2026-06-28 15:54:12.256: [INFO] OnDoneLoading sync enabled: 0
2026-06-28 16:52:45.576: [INFO] OnDoneLoading sync enabled: 0
2026-06-29 06:59:55.603: [INFO] OnDoneLoading sync enabled: 0
2026-06-29 07:37:06.274: [INFO] OnDoneLoading sync enabled: 0
2026-06-29 07:40:03.002: [INFO] OnDoneLoading sync enabled: 0
2026-06-29 07:42:57.373: [INFO] OnDoneLoading sync enabled: 0
2026-06-29 07:52:21.786: [INFO] OnDoneLoading sync enabled: 0
2026-06-29 07:54:25.591: [INFO] OnDoneLoading sync enabled: 0
2026-06-29 07:59:49.943: [INFO] OnDoneLoading sync enabled: 0
2026-07-01 04:31:01.637: [INFO] OnDoneLoading sync enabled: 0
2026-07-01 04:32:03.199: [INFO] OnDoneLoading sync enabled: 0
2026-07-01 04:32:03.891: [INFO] OnDoneLoading sync enabled: 0
2026-07-01 04:32:05.500: [INFO] OnDoneLoading sync enabled: 0
2026-07-01 04:33:30.874: [INFO] OnDoneLoading sync enabled: 0
2026-07-01 04:55:56.179: [INFO] OnDoneLoading sync enabled: 0
2026-07-01 04:56:13.133: [INFO] OnDoneLoading sync enabled: 0
2026-07-01 04:56:46.360: [INFO] OnDoneLoading sync enabled: 0
2026-07-01 04:58:23.261: [INFO] OnDoneLoading sync enabled: 0
2026-07-01 04:59:21.820: [INFO] OnDoneLoading sync enabled: 0
2026-07-01 05:00:07.407: [INFO] OnDoneLoading sync enabled: 0
2026-07-01 05:01:06.415: [INFO] OnDoneLoading sync enabled: 0
2026-07-01 05:04:49.152: [INFO] OnDoneLoading sync enabled: 0
2026-07-01 05:05:21.455: [INFO] OnDoneLoading sync enabled: 0
2026-07-01 05:06:00.354: [INFO] OnDoneLoading sync enabled: 0
2026-07-01 05:07:38.127: [INFO] OnDoneLoading sync enabled: 0
2026-07-01 05:09:31.223: [INFO] OnDoneLoading sync enabled: 0
2026-07-01 05:10:01.536: [INFO] OnDoneLoading sync enabled: 0
2026-07-01 06:27:10.300: [INFO] OnDoneLoading sync enabled: 0
2026-07-01 06:28:04.036: [INFO] OnDoneLoading sync enabled: 0
2026-07-04 14:36:06.097: [INFO] OnDoneLoading sync enabled: 0
2026-07-04 14:36:19.349: [INFO] OnDoneLoading sync enabled: 0
2026-07-05 08:22:25.225: [INFO] OnDoneLoading sync enabled: 0
2026-07-05 08:26:08.355: [INFO] OnDoneLoading sync enabled: 0
2026-07-05 08:54:54.899: [INFO] OnDoneLoading sync enabled: 0
2026-07-05 09:12:23.972: [INFO] OnDoneLoading sync enabled: 0
2026-07-05 09:12:25.278: [INFO] OnDoneLoading sync enabled: 0
2026-07-05 09:12:26.722: [INFO] OnDoneLoading sync enabled: 0
2026-07-05 09:12:35.234: [INFO] OnDoneLoading sync enabled: 0
2026-07-05 09:12:58.882: [INFO] OnDoneLoading sync enabled: 0
2026-07-05 09:12:59.436: [INFO] OnDoneLoading sync enabled: 0
2026-07-05 09:13:08.931: [INFO] OnDoneLoading sync enabled: 0
2026-07-05 09:13:09.524: [INFO] OnDoneLoading sync enabled: 0
2026-07-05 09:13:16.130: [INFO] OnDoneLoading sync enabled: 0
2026-07-05 09:16:43.633: [INFO] OnDoneLoading sync enabled: 0
2026-07-05 09:17:20.870: [INFO] OnDoneLoading sync enabled: 0
2026-07-05 09:17:59.405: [INFO] OnDoneLoading sync enabled: 0
2026-07-05 09:47:17.294: [INFO] OnDoneLoading sync enabled: 0
2026-07-05 10:18:09.402: [INFO] OnDoneLoading sync enabled: 0
2026-07-05 10:18:36.006: [INFO] OnDoneLoading sync enabled: 0
2026-07-05 10:29:19.172: [INFO] OnDoneLoading sync enabled: 0
2026-07-05 10:45:26.517: [INFO] OnDoneLoading sync enabled: 0
2026-07-05 13:52:34.627: [INFO] OnDoneLoading sync enabled: 0
2026-07-05 13:54:48.016: [INFO] OnDoneLoading sync enabled: 0
2026-07-05 13:56:23.119: [INFO] OnDoneLoading sync enabled: 0
2026-07-06 05:30:53.564: [INFO] OnDoneLoading sync enabled: 0
2026-07-06 05:37:10.922: [INFO] OnDoneLoading sync enabled: 0
2026-07-06 14:02:21.992: [INFO] OnDoneLoading sync enabled: 0
2026-07-06 14:03:15.002: [INFO] OnDoneLoading sync enabled: 0
2026-07-06 14:04:28.427: [INFO] OnDoneLoading sync enabled: 0
2026-07-06 14:04:35.397: [INFO] OnDoneLoading sync enabled: 0
2026-07-06 14:04:36.098: [INFO] OnDoneLoading sync enabled: 0
2026-07-06 14:08:51.930: [INFO] OnDoneLoading sync enabled: 0
2026-07-06 14:14:48.675: [INFO] OnDoneLoading sync enabled: 0
2026-07-06 14:15:21.584: [INFO] OnDoneLoading sync enabled: 0
2026-07-06 14:17:27.241: [INFO] OnDoneLoading sync enabled: 0
2026-07-06 14:35:55.793: [INFO] OnDoneLoading sync enabled: 0
2026-07-07 04:40:30.089: [INFO] OnDoneLoading sync enabled: 0
2026-07-08 08:10:34.087: [INFO] OnDoneLoading sync enabled: 0
2026-07-08 08:10:46.512: [INFO] OnDoneLoading sync enabled: 0
2026-07-08 08:10:50.370: [INFO] OnDoneLoading sync enabled: 0
2026-07-08 08:11:24.332: [INFO] OnDoneLoading sync enabled: 0
2026-07-09 15:06:43.276: [INFO] OnDoneLoading sync enabled: 0
2026-07-09 15:07:40.521: [INFO] OnDoneLoading sync enabled: 0
2026-07-09 15:17:53.902: [INFO] OnDoneLoading sync enabled: 0
2026-07-09 15:26:46.213: [INFO] OnDoneLoading sync enabled: 0
2026-07-09 15:28:08.850: [INFO] OnDoneLoading sync enabled: 0
2026-07-09 15:30:10.954: [INFO] OnDoneLoading sync enabled: 0
2026-07-09 15:31:31.267: [INFO] OnDoneLoading sync enabled: 0
2026-07-09 15:31:43.858: [INFO] OnDoneLoading sync enabled: 0
2026-07-09 15:32:25.049: [INFO] OnDoneLoading sync enabled: 0
2026-07-09 15:33:32.429: [INFO] OnDoneLoading sync enabled: 0
2026-07-09 15:33:47.962: [INFO] OnDoneLoading sync enabled: 0
2026-07-09 15:51:27.747: [INFO] OnDoneLoading sync enabled: 0
2026-07-11 06:28:39.003: [INFO] OnDoneLoading sync enabled: 0
2026-07-11 06:34:01.597: [INFO] OnDoneLoading sync enabled: 0
2026-07-11 06:34:03.931: [INFO] OnDoneLoading sync enabled: 0
2026-07-11 06:36:28.317: [INFO] OnDoneLoading sync enabled: 0
2026-07-11 06:40:01.138: [INFO] OnDoneLoading sync enabled: 0
2026-07-11 06:40:48.975: [INFO] OnDoneLoading sync enabled: 0
2026-07-11 06:41:14.348: [INFO] OnDoneLoading sync enabled: 0
2026-07-11 06:41:34.081: [INFO] OnDoneLoading sync enabled: 0
2026-07-11 06:42:35.901: [INFO] OnDoneLoading sync enabled: 0
2026-07-11 06:43:28.869: [INFO] OnDoneLoading sync enabled: 0
2026-07-11 06:44:12.665: [INFO] OnDoneLoading sync enabled: 0
2026-07-11 06:53:23.126: [INFO] OnDoneLoading sync enabled: 0
2026-07-13 07:41:03.853: [INFO] OnDoneLoading sync enabled: 0
2026-07-16 06:00:39.393: [INFO] OnDoneLoading sync enabled: 0
2026-07-16 06:00:43.710: [INFO] OnDoneLoading sync enabled: 0
2026-07-16 06:00:58.352: [INFO] OnDoneLoading sync enabled: 0
2026-07-16 06:00:58.903: [INFO] OnDoneLoading sync enabled: 0
2026-07-16 06:01:07.107: [INFO] OnDoneLoading sync enabled: 0
2026-07-16 06:01:07.949: [INFO] OnDoneLoading sync enabled: 0
2026-07-16 06:01:46.077: [INFO] OnDoneLoading sync enabled: 0
2026-07-16 06:06:11.297: [INFO] OnDoneLoading sync enabled: 0
2026-07-22 06:23:00.897: [INFO] OnDoneLoading sync enabled: 0
2026-08-08 05:20:39.691: [INFO] CurrentProfilePath: D:\Java learning\SBMS\sts workspace\.metadata\.plugins\org.eclipse.swt\EBWebView\Default
2026-08-08 05:20:39.691: [INFO] Profiles total count: 1
2026-08-08 05:20:39.691: [INFO] Profile: name=Profile 1 path=D:\Java learning\SBMS\sts workspace\.metadata\.plugins\org.eclipse.swt\EBWebView\Default lastActive=null
2026-08-08 05:20:39.691: [INFO] LastUsedProfileDir: D:\Java learning\SBMS\sts workspace\.metadata\.plugins\org.eclipse.swt\EBWebView\Default
2026-08-08 05:20:39.691: [INFO] OnDoneLoading sync enabled: 0
2026-08-08 05:20:39.691: [INFO] BookmarkModelLoaded, ids_reassigned: 0
2026-08-08 05:20:39.691: [INFO] BookmarksLoadDropped droppedNodes=0
2026-08-08 05:20:39.691: [INFO] BookmarksSnapshot Startup total=0 bar=0 other=0 mobile=0 showBar=0 showBarNTP=1
2026-08-08 16:45:51.524: [INFO] BookmarksSnapshot Shutdown total=0 bar=0 other=0 mobile=0 showBar=0 showBarNTP=1
